// Jest Snapshot v1, https://goo.gl/fbAQLP

exports[`Protocol adaptor list is complete AGGREGATORS 1`] = `[]`;
